// Jest Snapshot v1, https://goo.gl/fbAQLP

exports[`Icon renders correctly 1`] = `
<span
  className="icon is-small"
>
  <i
    className="fa fa-github"
  />
</span>
`;
