// Jest Snapshot v1, https://goo.gl/fbAQLP

exports[`Select Button renders correctly 1`] = `
<button
  className="button is-checkbox is-info is-outlined"
  onClick={[Function]}
>
  <Icon
    name="square"
  />
  <span>
    Foo
  </span>
</button>
`;
